Archive member included to satisfy reference by file (symbol)

/Users/hailinjiang/opt/armDev/gcc-arm-none-eabi-6-2017-q2-update/bin/../lib/gcc/arm-none-eabi/6.3.1/../../../../arm-none-eabi/lib/thumb/v6-m/libg_nano.a(lib_a-memcpy-stub.o)
                              build/ndbit6/selfmain.o (memcpy)

Allocating common symbols
Common symbol       size              file

b_sharp_received    0x1               build/ndbit6/usart_sam_ba.o
timerHigh           0x4               build/ndbit6/utils.o
idx_rx_write        0x1               build/ndbit6/usart_sam_ba.o
size_of_data        0x2               build/ndbit6/usart_sam_ba.o
resetHorizon        0x4               build/ndbit6/utils.o
idx_tx_read         0x1               build/ndbit6/usart_sam_ba.o
buffer_tx_usart     0x80              build/ndbit6/usart_sam_ba.o
error_timeout       0x1               build/ndbit6/usart_sam_ba.o
mode_of_transfer    0x1               build/ndbit6/usart_sam_ba.o
idx_rx_read         0x1               build/ndbit6/usart_sam_ba.o
pageBuf             0x100             build/ndbit6/selfmain.o
idx_tx_write        0x1               build/ndbit6/usart_sam_ba.o
buffer_rx_usart     0x80              build/ndbit6/usart_sam_ba.o

Discarded input sections

 .text          0x0000000000000000        0x0 build/ndbit6/flash_samd21.o
 .data          0x0000000000000000        0x0 build/ndbit6/flash_samd21.o
 .bss           0x0000000000000000        0x0 build/ndbit6/flash_samd21.o
 .text.flash_erase_to_end
                0x0000000000000000       0x1c build/ndbit6/flash_samd21.o
 .text.copy_words
                0x0000000000000000       0x14 build/ndbit6/flash_samd21.o
 .text.flash_write
                0x0000000000000000       0x88 build/ndbit6/flash_samd21.o
 .text          0x0000000000000000        0x0 build/ndbit6/init_samd21.o
 .data          0x0000000000000000        0x0 build/ndbit6/init_samd21.o
 .bss           0x0000000000000000        0x0 build/ndbit6/init_samd21.o
 .data.g_interrupt_enabled
                0x0000000000000000        0x1 build/ndbit6/init_samd21.o
 .text          0x0000000000000000        0x0 build/ndbit6/startup_samd21.o
 .data          0x0000000000000000        0x0 build/ndbit6/startup_samd21.o
 .bss           0x0000000000000000        0x0 build/ndbit6/startup_samd21.o
 .text          0x0000000000000000        0x0 build/ndbit6/usart_sam_ba.o
 .data          0x0000000000000000        0x0 build/ndbit6/usart_sam_ba.o
 .bss           0x0000000000000000        0x0 build/ndbit6/usart_sam_ba.o
 .text.usart_open
                0x0000000000000000       0xbc build/ndbit6/usart_sam_ba.o
 .text.usart_close
                0x0000000000000000       0x10 build/ndbit6/usart_sam_ba.o
 .text.usart_putc
                0x0000000000000000       0x14 build/ndbit6/usart_sam_ba.o
 .text.usart_is_rx_ready
                0x0000000000000000       0x10 build/ndbit6/usart_sam_ba.o
 .text.usart_getc
                0x0000000000000000       0x18 build/ndbit6/usart_sam_ba.o
 .text.usart_sharp_received
                0x0000000000000000       0x1a build/ndbit6/usart_sam_ba.o
 .text.usart_readc
                0x0000000000000000       0x20 build/ndbit6/usart_sam_ba.o
 .text.usart_putdata
                0x0000000000000000       0x1a build/ndbit6/usart_sam_ba.o
 .text.usart_getdata
                0x0000000000000000        0xe build/ndbit6/usart_sam_ba.o
 .text.getbytes
                0x0000000000000000       0x68 build/ndbit6/usart_sam_ba.o
 .text.getPacket
                0x0000000000000000       0x70 build/ndbit6/usart_sam_ba.o
 .text.usart_putdata_xmd
                0x0000000000000000      0x110 build/ndbit6/usart_sam_ba.o
 .text.usart_getdata_xmd
                0x0000000000000000       0xa4 build/ndbit6/usart_sam_ba.o
 COMMON         0x0000000000000000      0x109 build/ndbit6/usart_sam_ba.o
 .text          0x0000000000000000        0x0 build/ndbit6/screen.o
 .data          0x0000000000000000        0x0 build/ndbit6/screen.o
 .bss           0x0000000000000000        0x0 build/ndbit6/screen.o
 .debug_info    0x0000000000000000      0x8f9 build/ndbit6/screen.o
 .debug_abbrev  0x0000000000000000      0x197 build/ndbit6/screen.o
 .debug_aranges
                0x0000000000000000       0x18 build/ndbit6/screen.o
 .debug_line    0x0000000000000000      0x1c7 build/ndbit6/screen.o
 .debug_str     0x0000000000000000      0x5df build/ndbit6/screen.o
 .comment       0x0000000000000000       0x80 build/ndbit6/screen.o
 .ARM.attributes
                0x0000000000000000       0x32 build/ndbit6/screen.o
 .text          0x0000000000000000        0x0 build/ndbit6/images.o
 .data          0x0000000000000000        0x0 build/ndbit6/images.o
 .bss           0x0000000000000000        0x0 build/ndbit6/images.o
 .rodata.arrowLogo
                0x0000000000000000       0x39 build/ndbit6/images.o
 .rodata.fileLogo
                0x0000000000000000       0x4a build/ndbit6/images.o
 .rodata.font8  0x0000000000000000      0x240 build/ndbit6/images.o
 .rodata.pendriveLogo
                0x0000000000000000       0x3e build/ndbit6/images.o
 .debug_info    0x0000000000000000      0x11f build/ndbit6/images.o
 .debug_abbrev  0x0000000000000000       0x66 build/ndbit6/images.o
 .debug_aranges
                0x0000000000000000       0x18 build/ndbit6/images.o
 .debug_line    0x0000000000000000      0x108 build/ndbit6/images.o
 .debug_str     0x0000000000000000      0x1d0 build/ndbit6/images.o
 .comment       0x0000000000000000       0x80 build/ndbit6/images.o
 .ARM.attributes
                0x0000000000000000       0x32 build/ndbit6/images.o
 .text          0x0000000000000000        0x0 build/ndbit6/utils.o
 .data          0x0000000000000000        0x0 build/ndbit6/utils.o
 .bss           0x0000000000000000        0x0 build/ndbit6/utils.o
 .text.writeNum
                0x0000000000000000       0x3c build/ndbit6/utils.o
 .text.timerTick
                0x0000000000000000       0x40 build/ndbit6/utils.o
 .text.led_signal
                0x0000000000000000       0x2c build/ndbit6/utils.o
 .text.RGBLED_set_color
                0x0000000000000000        0x2 build/ndbit6/utils.o
 .bss.timerLow  0x0000000000000000        0x4 build/ndbit6/utils.o
 COMMON         0x0000000000000000        0x8 build/ndbit6/utils.o
 .text          0x0000000000000000        0x0 build/ndbit6/selfmain.o
 .data          0x0000000000000000        0x0 build/ndbit6/selfmain.o
 .bss           0x0000000000000000        0x0 build/ndbit6/selfmain.o
 .text          0x0000000000000000        0x0 build/ndbit6/selfdata.o
 .data          0x0000000000000000        0x0 build/ndbit6/selfdata.o
 .bss           0x0000000000000000        0x0 build/ndbit6/selfdata.o
 .text          0x0000000000000000        0x0 /Users/hailinjiang/opt/armDev/gcc-arm-none-eabi-6-2017-q2-update/bin/../lib/gcc/arm-none-eabi/6.3.1/../../../../arm-none-eabi/lib/thumb/v6-m/libg_nano.a(lib_a-memcpy-stub.o)
 .data          0x0000000000000000        0x0 /Users/hailinjiang/opt/armDev/gcc-arm-none-eabi-6-2017-q2-update/bin/../lib/gcc/arm-none-eabi/6.3.1/../../../../arm-none-eabi/lib/thumb/v6-m/libg_nano.a(lib_a-memcpy-stub.o)
 .bss           0x0000000000000000        0x0 /Users/hailinjiang/opt/armDev/gcc-arm-none-eabi-6-2017-q2-update/bin/../lib/gcc/arm-none-eabi/6.3.1/../../../../arm-none-eabi/lib/thumb/v6-m/libg_nano.a(lib_a-memcpy-stub.o)

Memory Configuration

Name             Origin             Length             Attributes
rom              0x0000000000002000 0x0000000000020000 xr
ram              0x0000000020000000 0x0000000000008000 xrw
*default*        0x0000000000000000 0xffffffffffffffff

Linker script and memory map

LOAD build/ndbit6/flash_samd21.o
LOAD build/ndbit6/init_samd21.o
LOAD build/ndbit6/startup_samd21.o
LOAD build/ndbit6/usart_sam_ba.o
LOAD build/ndbit6/screen.o
LOAD build/ndbit6/images.o
LOAD build/ndbit6/utils.o
LOAD build/ndbit6/selfmain.o
LOAD build/ndbit6/selfdata.o
START GROUP
LOAD /Users/hailinjiang/opt/armDev/gcc-arm-none-eabi-6-2017-q2-update/bin/../lib/gcc/arm-none-eabi/6.3.1/thumb/v6-m/libgcc.a
LOAD /Users/hailinjiang/opt/armDev/gcc-arm-none-eabi-6-2017-q2-update/bin/../lib/gcc/arm-none-eabi/6.3.1/../../../../arm-none-eabi/lib/thumb/v6-m/libg_nano.a
LOAD /Users/hailinjiang/opt/armDev/gcc-arm-none-eabi-6-2017-q2-update/bin/../lib/gcc/arm-none-eabi/6.3.1/../../../../arm-none-eabi/lib/thumb/v6-m/libc_nano.a
END GROUP
START GROUP
LOAD /Users/hailinjiang/opt/armDev/gcc-arm-none-eabi-6-2017-q2-update/bin/../lib/gcc/arm-none-eabi/6.3.1/thumb/v6-m/libgcc.a
LOAD /Users/hailinjiang/opt/armDev/gcc-arm-none-eabi-6-2017-q2-update/bin/../lib/gcc/arm-none-eabi/6.3.1/../../../../arm-none-eabi/lib/thumb/v6-m/libc_nano.a
LOAD /Users/hailinjiang/opt/armDev/gcc-arm-none-eabi-6-2017-q2-update/bin/../lib/gcc/arm-none-eabi/6.3.1/../../../../arm-none-eabi/lib/thumb/v6-m/libnosys.a
END GROUP
START GROUP
LOAD /Users/hailinjiang/opt/armDev/gcc-arm-none-eabi-6-2017-q2-update/bin/../lib/gcc/arm-none-eabi/6.3.1/thumb/v6-m/libgcc.a
LOAD /Users/hailinjiang/opt/armDev/gcc-arm-none-eabi-6-2017-q2-update/bin/../lib/gcc/arm-none-eabi/6.3.1/../../../../arm-none-eabi/lib/thumb/v6-m/libc_nano.a
LOAD /Users/hailinjiang/opt/armDev/gcc-arm-none-eabi-6-2017-q2-update/bin/../lib/gcc/arm-none-eabi/6.3.1/../../../../arm-none-eabi/lib/thumb/v6-m/libnosys.a
END GROUP
                0x0000000000002000                STACK_SIZE = DEFINED (STACK_SIZE)?STACK_SIZE:DEFINED (__stack_size__)?__stack_size__:0x2000

.text           0x0000000000002000     0x2650
                0x0000000000002000                . = ALIGN (0x4)
                0x0000000000002000                _sfixed = .
 *(.vectors .vectors.*)
 .vectors       0x0000000000002000       0xb4 build/ndbit6/startup_samd21.o
                0x0000000000002000                exception_table
 *(.text .text.* .gnu.linkonce.t.*)
 .text.flash_erase_row
                0x00000000000020b4       0x28 build/ndbit6/flash_samd21.o
                0x00000000000020b4                flash_erase_row
 .text.flash_write_words
                0x00000000000020dc       0x54 build/ndbit6/flash_samd21.o
                0x00000000000020dc                flash_write_words
 .text.flash_write_row
                0x0000000000002130       0x2e build/ndbit6/flash_samd21.o
                0x0000000000002130                flash_write_row
 *fill*         0x000000000000215e        0x2 
 .text.gclk_sync
                0x0000000000002160       0x10 build/ndbit6/init_samd21.o
 .text.dfll_sync
                0x0000000000002170       0x10 build/ndbit6/init_samd21.o
 .text.system_init
                0x0000000000002180       0xcc build/ndbit6/init_samd21.o
                0x0000000000002180                system_init
 .text.SysTick_Handler
                0x000000000000224c        0x8 build/ndbit6/init_samd21.o
                0x000000000000224c                SysTick_Handler
 .text.Dummy_Handler
                0x0000000000002254        0x2 build/ndbit6/startup_samd21.o
                0x0000000000002254                SYSCTRL_Handler
                0x0000000000002254                AC_Handler
                0x0000000000002254                PendSV_Handler
                0x0000000000002254                NMI_Handler
                0x0000000000002254                SERCOM1_Handler
                0x0000000000002254                ADC_Handler
                0x0000000000002254                TCC1_Handler
                0x0000000000002254                SERCOM2_Handler
                0x0000000000002254                TCC0_Handler
                0x0000000000002254                RTC_Handler
                0x0000000000002254                EIC_Handler
                0x0000000000002254                WDT_Handler
                0x0000000000002254                TC4_Handler
                0x0000000000002254                USB_Handler
                0x0000000000002254                TC3_Handler
                0x0000000000002254                Dummy_Handler
                0x0000000000002254                PM_Handler
                0x0000000000002254                SVC_Handler
                0x0000000000002254                TCC2_Handler
                0x0000000000002254                EVSYS_Handler
                0x0000000000002254                SERCOM3_Handler
                0x0000000000002254                I2S_Handler
                0x0000000000002254                NVMCTRL_Handler
                0x0000000000002254                SERCOM0_Handler
                0x0000000000002254                DAC_Handler
                0x0000000000002254                PTC_Handler
                0x0000000000002254                TC5_Handler
                0x0000000000002254                DMAC_Handler
 .text.HardFault_Handler
                0x0000000000002256        0x2 build/ndbit6/startup_samd21.o
                0x0000000000002256                HardFault_Handler
 .text.Reset_Handler
                0x0000000000002258       0xb0 build/ndbit6/startup_samd21.o
                0x0000000000002258                Reset_Handler
 .text.add_crc  0x0000000000002308       0x54 build/ndbit6/usart_sam_ba.o
                0x0000000000002308                add_crc
 .text.delay    0x000000000000235c       0x10 build/ndbit6/utils.o
                0x000000000000235c                delay
 .text.panic    0x000000000000236c        0x2 build/ndbit6/utils.o
                0x000000000000236c                panic
 *fill*         0x000000000000236e        0x2 
 .text.resetIntoApp
                0x0000000000002370       0x28 build/ndbit6/utils.o
                0x0000000000002370                resetIntoApp
 .text.resetIntoBootloader
                0x0000000000002398       0x28 build/ndbit6/utils.o
                0x0000000000002398                resetIntoBootloader
 .text.led_tick
                0x00000000000023c0       0x80 build/ndbit6/utils.o
                0x00000000000023c0                led_tick
 .text.led_init
                0x0000000000002440       0x10 build/ndbit6/utils.o
                0x0000000000002440                led_init
 .text.setBootProt
                0x0000000000002450      0x114 build/ndbit6/selfmain.o
                0x0000000000002450                setBootProt
 .text.startup.main
                0x0000000000002564       0xc8 build/ndbit6/selfmain.o
                0x0000000000002564                main
 .text.memcpy   0x000000000000262c       0x12 /Users/hailinjiang/opt/armDev/gcc-arm-none-eabi-6-2017-q2-update/bin/../lib/gcc/arm-none-eabi/6.3.1/../../../../arm-none-eabi/lib/thumb/v6-m/libg_nano.a(lib_a-memcpy-stub.o)
                0x000000000000262c                memcpy
 *(.glue_7t)
 .glue_7t       0x000000000000263e        0x0 linker stubs
 *(.glue_7)
 .glue_7        0x000000000000263e        0x0 linker stubs
 *(.rodata .rodata* .gnu.linkonce.r.*)
 *fill*         0x000000000000263e        0x2 
 .rodata.bootloader
                0x0000000000002640     0x2000 build/ndbit6/selfdata.o
                0x0000000000002640                bootloader
 .rodata.bootloader_crcs
                0x0000000000004640       0x10 build/ndbit6/selfdata.o
                0x0000000000004640                bootloader_crcs
 *(.ARM.extab* .gnu.linkonce.armextab.*)
                0x0000000000004650                . = ALIGN (0x4)
 *(.init)
                0x0000000000004650                . = ALIGN (0x4)
                0x0000000000004650                __preinit_array_start = .
 *(.preinit_array)
                0x0000000000004650                __preinit_array_end = .
                0x0000000000004650                . = ALIGN (0x4)
                0x0000000000004650                __init_array_start = .
 *(SORT(.init_array.*))
 *(.init_array)
                0x0000000000004650                __init_array_end = .
                0x0000000000004650                . = ALIGN (0x4)
 *crtbegin.o(.ctors)
 *(EXCLUDE_FILE(*crtend.o) .ctors)
 *(SORT(.ctors.*))
 *crtend.o(.ctors)
                0x0000000000004650                . = ALIGN (0x4)
                0x0000000000004650                _efixed = .
                [!provide]                        PROVIDE (__exidx_start, .)

.vfp11_veneer   0x0000000000004650        0x0
 .vfp11_veneer  0x0000000000004650        0x0 linker stubs

.v4_bx          0x0000000000004650        0x0
 .v4_bx         0x0000000000004650        0x0 linker stubs

.iplt           0x0000000000004650        0x0
 .iplt          0x0000000000004650        0x0 build/ndbit6/flash_samd21.o

.igot.plt       0x0000000000004650        0x0
 .igot.plt      0x0000000000004650        0x0 build/ndbit6/flash_samd21.o

.rel.dyn        0x0000000000004650        0x0
 .rel.iplt      0x0000000000004650        0x0 build/ndbit6/flash_samd21.o

.ARM.exidx
 *(.ARM.exidx* .gnu.linkonce.armexidx.*)
                [!provide]                        PROVIDE (__exidx_end, .)
                0x0000000000004650                . = ALIGN (0x4)
                0x0000000000004650                _etext = .

.relocate       0x0000000020000000        0x4 load address 0x0000000000004650
                0x0000000020000000                . = ALIGN (0x4)
                0x0000000020000000                _srelocate = .
 *(.ramfunc .ramfunc.*)
 *(.data .data.*)
 .data.led_tick_step
                0x0000000020000000        0x1 build/ndbit6/utils.o
                0x0000000020000000                led_tick_step
 .data.limit    0x0000000020000001        0x1 build/ndbit6/utils.o
                0x0000000020000004                . = ALIGN (0x4)
 *fill*         0x0000000020000002        0x2 
                0x0000000020000004                _erelocate = .

.bss            0x0000000020000004      0x308 load address 0x0000000000004654
                0x0000000020000004                . = ALIGN (0x4)
                0x0000000020000004                _sbss = .
                0x0000000020000004                _szero = .
 *(.bss .bss.*)
 .bss.crcCache  0x0000000020000004      0x200 build/ndbit6/usart_sam_ba.o
 .bss.now       0x0000000020000204        0x4 build/ndbit6/utils.o
 .bss.signal_end
                0x0000000020000208        0x4 build/ndbit6/utils.o
 *(COMMON)
 COMMON         0x000000002000020c      0x100 build/ndbit6/selfmain.o
                0x000000002000020c                pageBuf
                0x000000002000030c                . = ALIGN (0x4)
                0x000000002000030c                _ebss = .
                0x000000002000030c                _ezero = .

.stack          0x000000002000030c     0x2004 load address 0x000000000000495c
                0x0000000020000310                . = ALIGN (0x8)
 *fill*         0x000000002000030c        0x4 
                0x0000000020000310                _sstack = .
                0x0000000020002310                . = (. + STACK_SIZE)
 *fill*         0x0000000020000310     0x2000 
                0x0000000020002310                . = ALIGN (0x8)
                0x0000000020002310                _estack = .
                0x0000000020002310                . = ALIGN (0x4)
                0x0000000020002310                _end = .
OUTPUT(build/ndbit6/update-bootloader-ndbit6-v3.7.0-55-gce8a392-dirty.elf elf32-littlearm)

.debug_info     0x0000000000000000     0xd06e
 .debug_info    0x0000000000000000      0xfa5 build/ndbit6/flash_samd21.o
 .debug_info    0x0000000000000fa5     0x232f build/ndbit6/init_samd21.o
 .debug_info    0x00000000000032d4     0x35cc build/ndbit6/startup_samd21.o
 .debug_info    0x00000000000068a0     0x3d09 build/ndbit6/usart_sam_ba.o
 .debug_info    0x000000000000a5a9     0x1235 build/ndbit6/utils.o
 .debug_info    0x000000000000b7de     0x17a1 build/ndbit6/selfmain.o
 .debug_info    0x000000000000cf7f       0xef build/ndbit6/selfdata.o

.debug_abbrev   0x0000000000000000     0x13ef
 .debug_abbrev  0x0000000000000000      0x2b8 build/ndbit6/flash_samd21.o
 .debug_abbrev  0x00000000000002b8      0x32a build/ndbit6/init_samd21.o
 .debug_abbrev  0x00000000000005e2      0x25b build/ndbit6/startup_samd21.o
 .debug_abbrev  0x000000000000083d      0x487 build/ndbit6/usart_sam_ba.o
 .debug_abbrev  0x0000000000000cc4      0x366 build/ndbit6/utils.o
 .debug_abbrev  0x000000000000102a      0x34e build/ndbit6/selfmain.o
 .debug_abbrev  0x0000000000001378       0x77 build/ndbit6/selfdata.o

.debug_loc      0x0000000000000000     0x1057
 .debug_loc     0x0000000000000000      0x3b9 build/ndbit6/flash_samd21.o
 .debug_loc     0x00000000000003b9       0x78 build/ndbit6/init_samd21.o
 .debug_loc     0x0000000000000431       0x2b build/ndbit6/startup_samd21.o
 .debug_loc     0x000000000000045c      0x7e9 build/ndbit6/usart_sam_ba.o
 .debug_loc     0x0000000000000c45       0xed build/ndbit6/utils.o
 .debug_loc     0x0000000000000d32      0x325 build/ndbit6/selfmain.o

.debug_aranges  0x0000000000000000      0x1e0
 .debug_aranges
                0x0000000000000000       0x48 build/ndbit6/flash_samd21.o
 .debug_aranges
                0x0000000000000048       0x38 build/ndbit6/init_samd21.o
 .debug_aranges
                0x0000000000000080       0x30 build/ndbit6/startup_samd21.o
 .debug_aranges
                0x00000000000000b0       0x88 build/ndbit6/usart_sam_ba.o
 .debug_aranges
                0x0000000000000138       0x68 build/ndbit6/utils.o
 .debug_aranges
                0x00000000000001a0       0x28 build/ndbit6/selfmain.o
 .debug_aranges
                0x00000000000001c8       0x18 build/ndbit6/selfdata.o

.debug_ranges   0x0000000000000000      0x248
 .debug_ranges  0x0000000000000000       0xa0 build/ndbit6/flash_samd21.o
 .debug_ranges  0x00000000000000a0       0x48 build/ndbit6/init_samd21.o
 .debug_ranges  0x00000000000000e8       0x20 build/ndbit6/startup_samd21.o
 .debug_ranges  0x0000000000000108       0x78 build/ndbit6/usart_sam_ba.o
 .debug_ranges  0x0000000000000180       0x78 build/ndbit6/utils.o
 .debug_ranges  0x00000000000001f8       0x50 build/ndbit6/selfmain.o

.debug_line     0x0000000000000000     0x14eb
 .debug_line    0x0000000000000000      0x301 build/ndbit6/flash_samd21.o
 .debug_line    0x0000000000000301      0x307 build/ndbit6/init_samd21.o
 .debug_line    0x0000000000000608      0x21c build/ndbit6/startup_samd21.o
 .debug_line    0x0000000000000824      0x495 build/ndbit6/usart_sam_ba.o
 .debug_line    0x0000000000000cb9      0x382 build/ndbit6/utils.o
 .debug_line    0x000000000000103b      0x39d build/ndbit6/selfmain.o
 .debug_line    0x00000000000013d8      0x113 build/ndbit6/selfdata.o

.debug_str      0x0000000000000000     0x2ad5
 .debug_str     0x0000000000000000      0x755 build/ndbit6/flash_samd21.o
                                        0x818 (size before relaxing)
 .debug_str     0x0000000000000755      0x6da build/ndbit6/init_samd21.o
                                        0xe8e (size before relaxing)
 .debug_str     0x0000000000000e2f      0xed1 build/ndbit6/startup_samd21.o
                                       0x135f (size before relaxing)
 .debug_str     0x0000000000001d00      0xc4f build/ndbit6/usart_sam_ba.o
                                       0x13e3 (size before relaxing)
 .debug_str     0x000000000000294f       0xc8 build/ndbit6/utils.o
                                        0x883 (size before relaxing)
 .debug_str     0x0000000000002a17       0xa6 build/ndbit6/selfmain.o
                                        0xa38 (size before relaxing)
 .debug_str     0x0000000000002abd       0x18 build/ndbit6/selfdata.o
                                        0x1e4 (size before relaxing)

.comment        0x0000000000000000       0x7f
 .comment       0x0000000000000000       0x7f build/ndbit6/flash_samd21.o
                                         0x80 (size before relaxing)
 .comment       0x000000000000007f       0x80 build/ndbit6/init_samd21.o
 .comment       0x000000000000007f       0x80 build/ndbit6/startup_samd21.o
 .comment       0x000000000000007f       0x80 build/ndbit6/usart_sam_ba.o
 .comment       0x000000000000007f       0x80 build/ndbit6/utils.o
 .comment       0x000000000000007f       0x80 build/ndbit6/selfmain.o
 .comment       0x000000000000007f       0x80 build/ndbit6/selfdata.o

.ARM.attributes
                0x0000000000000000       0x32
 .ARM.attributes
                0x0000000000000000       0x32 build/ndbit6/flash_samd21.o
 .ARM.attributes
                0x0000000000000032       0x32 build/ndbit6/init_samd21.o
 .ARM.attributes
                0x0000000000000064       0x32 build/ndbit6/startup_samd21.o
 .ARM.attributes
                0x0000000000000096       0x32 build/ndbit6/usart_sam_ba.o
 .ARM.attributes
                0x00000000000000c8       0x32 build/ndbit6/utils.o
 .ARM.attributes
                0x00000000000000fa       0x32 build/ndbit6/selfmain.o
 .ARM.attributes
                0x000000000000012c       0x32 build/ndbit6/selfdata.o
 .ARM.attributes
                0x000000000000015e       0x2c /Users/hailinjiang/opt/armDev/gcc-arm-none-eabi-6-2017-q2-update/bin/../lib/gcc/arm-none-eabi/6.3.1/../../../../arm-none-eabi/lib/thumb/v6-m/libg_nano.a(lib_a-memcpy-stub.o)

.debug_frame    0x0000000000000000      0x434
 .debug_frame   0x0000000000000000       0xb0 build/ndbit6/flash_samd21.o
 .debug_frame   0x00000000000000b0       0x68 build/ndbit6/init_samd21.o
 .debug_frame   0x0000000000000118       0x4c build/ndbit6/startup_samd21.o
 .debug_frame   0x0000000000000164      0x184 build/ndbit6/usart_sam_ba.o
 .debug_frame   0x00000000000002e8       0xd0 build/ndbit6/utils.o
 .debug_frame   0x00000000000003b8       0x54 build/ndbit6/selfmain.o
 .debug_frame   0x000000000000040c       0x28 /Users/hailinjiang/opt/armDev/gcc-arm-none-eabi-6-2017-q2-update/bin/../lib/gcc/arm-none-eabi/6.3.1/../../../../arm-none-eabi/lib/thumb/v6-m/libg_nano.a(lib_a-memcpy-stub.o)

Cross Reference Table

Symbol                                            File
AC_Handler                                        build/ndbit6/startup_samd21.o
ADC_Handler                                       build/ndbit6/startup_samd21.o
DAC_Handler                                       build/ndbit6/startup_samd21.o
DMAC_Handler                                      build/ndbit6/startup_samd21.o
Dummy_Handler                                     build/ndbit6/startup_samd21.o
EIC_Handler                                       build/ndbit6/startup_samd21.o
EVSYS_Handler                                     build/ndbit6/startup_samd21.o
HardFault_Handler                                 build/ndbit6/startup_samd21.o
I2S_Handler                                       build/ndbit6/startup_samd21.o
NMI_Handler                                       build/ndbit6/startup_samd21.o
NVMCTRL_Handler                                   build/ndbit6/startup_samd21.o
PM_Handler                                        build/ndbit6/startup_samd21.o
PTC_Handler                                       build/ndbit6/startup_samd21.o
PendSV_Handler                                    build/ndbit6/startup_samd21.o
RGBLED_set_color                                  build/ndbit6/utils.o
RTC_Handler                                       build/ndbit6/startup_samd21.o
Reset_Handler                                     build/ndbit6/startup_samd21.o
SERCOM0_Handler                                   build/ndbit6/startup_samd21.o
SERCOM1_Handler                                   build/ndbit6/startup_samd21.o
SERCOM2_Handler                                   build/ndbit6/startup_samd21.o
SERCOM3_Handler                                   build/ndbit6/startup_samd21.o
SVC_Handler                                       build/ndbit6/startup_samd21.o
SYSCTRL_Handler                                   build/ndbit6/startup_samd21.o
SysTick_Handler                                   build/ndbit6/init_samd21.o
TC3_Handler                                       build/ndbit6/startup_samd21.o
TC4_Handler                                       build/ndbit6/startup_samd21.o
TC5_Handler                                       build/ndbit6/startup_samd21.o
TCC0_Handler                                      build/ndbit6/startup_samd21.o
TCC1_Handler                                      build/ndbit6/startup_samd21.o
TCC2_Handler                                      build/ndbit6/startup_samd21.o
USB_Handler                                       build/ndbit6/startup_samd21.o
WDT_Handler                                       build/ndbit6/startup_samd21.o
_erelocate                                        build/ndbit6/startup_samd21.o
_estack                                           build/ndbit6/startup_samd21.o
_etext                                            build/ndbit6/startup_samd21.o
_ezero                                            build/ndbit6/startup_samd21.o
_sfixed                                           build/ndbit6/startup_samd21.o
_srelocate                                        build/ndbit6/startup_samd21.o
_szero                                            build/ndbit6/startup_samd21.o
add_crc                                           build/ndbit6/usart_sam_ba.o
                                                  build/ndbit6/selfmain.o
arrowLogo                                         build/ndbit6/images.o
b_sharp_received                                  build/ndbit6/usart_sam_ba.o
bootloader                                        build/ndbit6/selfdata.o
                                                  build/ndbit6/selfmain.o
bootloader_crcs                                   build/ndbit6/selfdata.o
                                                  build/ndbit6/selfmain.o
buffer_rx_usart                                   build/ndbit6/usart_sam_ba.o
buffer_tx_usart                                   build/ndbit6/usart_sam_ba.o
copy_words                                        build/ndbit6/flash_samd21.o
delay                                             build/ndbit6/utils.o
                                                  build/ndbit6/selfmain.o
error_timeout                                     build/ndbit6/usart_sam_ba.o
exception_table                                   build/ndbit6/startup_samd21.o
fileLogo                                          build/ndbit6/images.o
flash_erase_row                                   build/ndbit6/flash_samd21.o
flash_erase_to_end                                build/ndbit6/flash_samd21.o
flash_write                                       build/ndbit6/flash_samd21.o
flash_write_row                                   build/ndbit6/flash_samd21.o
                                                  build/ndbit6/selfmain.o
flash_write_words                                 build/ndbit6/flash_samd21.o
                                                  build/ndbit6/selfmain.o
font8                                             build/ndbit6/images.o
g_interrupt_enabled                               build/ndbit6/init_samd21.o
getPacket                                         build/ndbit6/usart_sam_ba.o
idx_rx_read                                       build/ndbit6/usart_sam_ba.o
idx_rx_write                                      build/ndbit6/usart_sam_ba.o
idx_tx_read                                       build/ndbit6/usart_sam_ba.o
idx_tx_write                                      build/ndbit6/usart_sam_ba.o
led_init                                          build/ndbit6/utils.o
                                                  build/ndbit6/selfmain.o
led_signal                                        build/ndbit6/utils.o
led_tick                                          build/ndbit6/utils.o
                                                  build/ndbit6/init_samd21.o
led_tick_step                                     build/ndbit6/utils.o
main                                              build/ndbit6/selfmain.o
                                                  build/ndbit6/startup_samd21.o
memcpy                                            /Users/hailinjiang/opt/armDev/gcc-arm-none-eabi-6-2017-q2-update/bin/../lib/gcc/arm-none-eabi/6.3.1/../../../../arm-none-eabi/lib/thumb/v6-m/libg_nano.a(lib_a-memcpy-stub.o)
                                                  build/ndbit6/selfmain.o
mode_of_transfer                                  build/ndbit6/usart_sam_ba.o
pageBuf                                           build/ndbit6/selfmain.o
panic                                             build/ndbit6/utils.o
                                                  build/ndbit6/selfmain.o
pendriveLogo                                      build/ndbit6/images.o
resetHorizon                                      build/ndbit6/utils.o
resetIntoApp                                      build/ndbit6/utils.o
                                                  build/ndbit6/selfmain.o
resetIntoBootloader                               build/ndbit6/utils.o
                                                  build/ndbit6/selfmain.o
setBootProt                                       build/ndbit6/selfmain.o
size_of_data                                      build/ndbit6/usart_sam_ba.o
system_init                                       build/ndbit6/init_samd21.o
                                                  build/ndbit6/selfmain.o
timerHigh                                         build/ndbit6/utils.o
timerTick                                         build/ndbit6/utils.o
uart_basic_init                                   build/ndbit6/usart_sam_ba.o
uart_disable                                      build/ndbit6/usart_sam_ba.o
uart_get_sercom_index                             build/ndbit6/usart_sam_ba.o
uart_read_byte                                    build/ndbit6/usart_sam_ba.o
uart_write_byte                                   build/ndbit6/usart_sam_ba.o
usart_close                                       build/ndbit6/usart_sam_ba.o
usart_getc                                        build/ndbit6/usart_sam_ba.o
usart_getdata                                     build/ndbit6/usart_sam_ba.o
usart_getdata_xmd                                 build/ndbit6/usart_sam_ba.o
usart_is_rx_ready                                 build/ndbit6/usart_sam_ba.o
usart_open                                        build/ndbit6/usart_sam_ba.o
usart_putc                                        build/ndbit6/usart_sam_ba.o
usart_putdata                                     build/ndbit6/usart_sam_ba.o
usart_putdata_xmd                                 build/ndbit6/usart_sam_ba.o
usart_readc                                       build/ndbit6/usart_sam_ba.o
usart_sharp_received                              build/ndbit6/usart_sam_ba.o
writeNum                                          build/ndbit6/utils.o
